Archive member included to satisfy reference by file (symbol)

../Drivers/CMSIS/DSP/Lib/GCC\libarm_cortexM7lfdp_math.a(arm_mat_trans_f32.o)
                              ./Core/Src/MVDR.o (arm_mat_trans_f32)
../Drivers/CMSIS/DSP/Lib/GCC\libarm_cortexM7lfdp_math.a(arm_mat_mult_f32.o)
                              ./Core/Src/MVDR.o (arm_mat_mult_f32)
../Drivers/CMSIS/DSP/Lib/GCC\libarm_cortexM7lfdp_math.a(arm_mat_inverse_f32.o)
                              ./Core/Src/MVDR.o (arm_mat_inverse_f32)
../Drivers/CMSIS/DSP/Lib/GCC\libarm_cortexM7lfdp_math.a(arm_mat_init_f32.o)
                              ./Core/Src/MVDR.o (arm_mat_init_f32)
../Drivers/CMSIS/DSP/Lib/GCC\libarm_cortexM7lfdp_math.a(arm_cmplx_mult_cmplx_f32.o)
                              ./Core/Src/MVDR.o (arm_cmplx_mult_cmplx_f32)
C:/ST/STM32CubeIDE_1.14.1/STM32CubeIDE/plugins/com.st.stm32cube.ide.mcu.externaltools.gnu-tools-for-stm32.12.3.rel1.win32_1.0.100.202403111256/tools/bin/../lib/gcc/arm-none-eabi/12.3.1/../../../../arm-none-eabi/lib/thumb/v7e-m+dp/hard\libc_nano.a(libc_a-exit.o)
                              C:/ST/STM32CubeIDE_1.14.1/STM32CubeIDE/plugins/com.st.stm32cube.ide.mcu.externaltools.gnu-tools-for-stm32.12.3.rel1.win32_1.0.100.202403111256/tools/bin/../lib/gcc/arm-none-eabi/12.3.1/../../../../arm-none-eabi/lib/thumb/v7e-m+dp/hard/crt0.o (exit)
C:/ST/STM32CubeIDE_1.14.1/STM32CubeIDE/plugins/com.st.stm32cube.ide.mcu.externaltools.gnu-tools-for-stm32.12.3.rel1.win32_1.0.100.202403111256/tools/bin/../lib/gcc/arm-none-eabi/12.3.1/../../../../arm-none-eabi/lib/thumb/v7e-m+dp/hard\libc_nano.a(libc_a-findfp.o)
                              C:/ST/STM32CubeIDE_1.14.1/STM32CubeIDE/plugins/com.st.stm32cube.ide.mcu.externaltools.gnu-tools-for-stm32.12.3.rel1.win32_1.0.100.202403111256/tools/bin/../lib/gcc/arm-none-eabi/12.3.1/../../../../arm-none-eabi/lib/thumb/v7e-m+dp/hard\libc_nano.a(libc_a-exit.o) (__stdio_exit_handler)
C:/ST/STM32CubeIDE_1.14.1/STM32CubeIDE/plugins/com.st.stm32cube.ide.mcu.externaltools.gnu-tools-for-stm32.12.3.rel1.win32_1.0.100.202403111256/tools/bin/../lib/gcc/arm-none-eabi/12.3.1/../../../../arm-none-eabi/lib/thumb/v7e-m+dp/hard\libc_nano.a(libc_a-fwalk.o)
                              C:/ST/STM32CubeIDE_1.14.1/STM32CubeIDE/plugins/com.st.stm32cube.ide.mcu.externaltools.gnu-tools-for-stm32.12.3.rel1.win32_1.0.100.202403111256/tools/bin/../lib/gcc/arm-none-eabi/12.3.1/../../../../arm-none-eabi/lib/thumb/v7e-m+dp/hard\libc_nano.a(libc_a-findfp.o) (_fwalk_sglue)
C:/ST/STM32CubeIDE_1.14.1/STM32CubeIDE/plugins/com.st.stm32cube.ide.mcu.externaltools.gnu-tools-for-stm32.12.3.rel1.win32_1.0.100.202403111256/tools/bin/../lib/gcc/arm-none-eabi/12.3.1/../../../../arm-none-eabi/lib/thumb/v7e-m+dp/hard\libc_nano.a(libc_a-stdio.o)
                              C:/ST/STM32CubeIDE_1.14.1/STM32CubeIDE/plugins/com.st.stm32cube.ide.mcu.externaltools.gnu-tools-for-stm32.12.3.rel1.win32_1.0.100.202403111256/tools/bin/../lib/gcc/arm-none-eabi/12.3.1/../../../../arm-none-eabi/lib/thumb/v7e-m+dp/hard\libc_nano.a(libc_a-findfp.o) (__sread)
C:/ST/STM32CubeIDE_1.14.1/STM32CubeIDE/plugins/com.st.stm32cube.ide.mcu.externaltools.gnu-tools-for-stm32.12.3.rel1.win32_1.0.100.202403111256/tools/bin/../lib/gcc/arm-none-eabi/12.3.1/../../../../arm-none-eabi/lib/thumb/v7e-m+dp/hard\libc_nano.a(libc_a-memset.o)
                              C:/ST/STM32CubeIDE_1.14.1/STM32CubeIDE/plugins/com.st.stm32cube.ide.mcu.externaltools.gnu-tools-for-stm32.12.3.rel1.win32_1.0.100.202403111256/tools/bin/../lib/gcc/arm-none-eabi/12.3.1/../../../../arm-none-eabi/lib/thumb/v7e-m+dp/hard/crt0.o (memset)
C:/ST/STM32CubeIDE_1.14.1/STM32CubeIDE/plugins/com.st.stm32cube.ide.mcu.externaltools.gnu-tools-for-stm32.12.3.rel1.win32_1.0.100.202403111256/tools/bin/../lib/gcc/arm-none-eabi/12.3.1/../../../../arm-none-eabi/lib/thumb/v7e-m+dp/hard\libc_nano.a(libc_a-closer.o)
                              C:/ST/STM32CubeIDE_1.14.1/STM32CubeIDE/plugins/com.st.stm32cube.ide.mcu.externaltools.gnu-tools-for-stm32.12.3.rel1.win32_1.0.100.202403111256/tools/bin/../lib/gcc/arm-none-eabi/12.3.1/../../../../arm-none-eabi/lib/thumb/v7e-m+dp/hard\libc_nano.a(libc_a-stdio.o) (_close_r)
C:/ST/STM32CubeIDE_1.14.1/STM32CubeIDE/plugins/com.st.stm32cube.ide.mcu.externaltools.gnu-tools-for-stm32.12.3.rel1.win32_1.0.100.202403111256/tools/bin/../lib/gcc/arm-none-eabi/12.3.1/../../../../arm-none-eabi/lib/thumb/v7e-m+dp/hard\libc_nano.a(libc_a-reent.o)
                              C:/ST/STM32CubeIDE_1.14.1/STM32CubeIDE/plugins/com.st.stm32cube.ide.mcu.externaltools.gnu-tools-for-stm32.12.3.rel1.win32_1.0.100.202403111256/tools/bin/../lib/gcc/arm-none-eabi/12.3.1/../../../../arm-none-eabi/lib/thumb/v7e-m+dp/hard\libc_nano.a(libc_a-closer.o) (errno)
[...]
Memory Configuration

Name             Origin             Length             Attributes
ITCMRAM          0x00000000         0x00010000         xrw
DTCMRAM          0x20000000         0x00020000         xrw
FLASH            0x08000000         0x00100000         xr
RAM_D1           0x24000000         0x00050000         xrw
RAM_D2           0x30000000         0x00008000         xrw
RAM_D3           0x38000000         0x00004000         xrw
*default*        0x00000000         0xffffffff

Linker script and memory map

LOAD C:/ST/STM32CubeIDE_1.14.1/STM32CubeIDE/plugins/com.st.stm32cube.ide.mcu.externaltools.gnu-tools-for-stm32.12.3.rel1.win32_1.0.100.202403111256/tools/bin/../lib/gcc/arm-none-eabi/12.3.1/thumb/v7e-m+dp/hard/crti.o
LOAD C:/ST/STM32CubeIDE_1.14.1/STM32CubeIDE/plugins/com.st.stm32cube.ide.mcu.externaltools.gnu-tools-for-stm32.12.3.rel1.win32_1.0.100.202403111256/tools/bin/../lib/gcc/arm-none-eabi/12.3.1/thumb/v7e-m+dp/hard/crtbegin.o
LOAD C:/ST/STM32CubeIDE_1.14.1/STM32CubeIDE/plugins/com.st.stm32cube.ide.mcu.externaltools.gnu-tools-for-stm32.12.3.rel1.win32_1.0.100.202403111256/tools/bin/../lib/gcc/arm-none-eabi/12.3.1/../../../../arm-none-eabi/lib/thumb/v7e-m+dp/hard/crt0.o
LOAD ./Core/Src/MVDR.o
LOAD ./Core/Src/main.o
LOAD ./Core/Src/math_helper.o
LOAD ./Core/Src/stm32h7xx_hal_msp.o
LOAD ./Core/Src/stm32h7xx_it.o
LOAD ./Core/Src/syscalls.o
LOAD ./Core/Src/sysmem.o
LOAD ./Core/Src/system_stm32h7xx.o
LOAD ./Core/Startup/startup_stm32h723vgtx.o
LOAD ./Drivers/STM32H7xx_HAL_Driver/Src/stm32h7xx_hal.o
LOAD ./Drivers/STM32H7xx_HAL_Driver/Src/stm32h7xx_hal_cortex.o
LOAD ./Drivers/STM32H7xx_HAL_Driver/Src/stm32h7xx_hal_dma.o
LOAD ./Drivers/STM32H7xx_HAL_Driver/Src/stm32h7xx_hal_dma_ex.o
LOAD ./Drivers/STM32H7xx_HAL_Driver/Src/stm32h7xx_hal_exti.o
LOAD ./Drivers/STM32H7xx_HAL_Driver/Src/stm32h7xx_hal_flash.o
LOAD ./Drivers/STM32H7xx_HAL_Driver/Src/stm32h7xx_hal_flash_ex.o
LOAD ./Drivers/STM32H7xx_HAL_Driver/Src/stm32h7xx_hal_gpio.o
LOAD ./Drivers/STM32H7xx_HAL_Driver/Src/stm32h7xx_hal_hsem.o
LOAD ./Drivers/STM32H7xx_HAL_Driver/Src/stm32h7xx_hal_i2c.o
LOAD ./Drivers/STM32H7xx_HAL_Driver/Src/stm32h7xx_hal_i2c_ex.o
LOAD ./Drivers/STM32H7xx_HAL_Driver/Src/stm32h7xx_hal_mdma.o
LOAD ./Drivers/STM32H7xx_HAL_Driver/Src/stm32h7xx_hal_pwr.o
LOAD ./Drivers/STM32H7xx_HAL_Driver/Src/stm32h7xx_hal_pwr_ex.o
LOAD ./Drivers/STM32H7xx_HAL_Driver/Src/stm32h7xx_hal_rcc.o
LOAD ./Drivers/STM32H7xx_HAL_Driver/Src/stm32h7xx_hal_rcc_ex.o
LOAD ./Drivers/STM32H7xx_HAL_Driver/Src/stm32h7xx_hal_tim.o
LOAD ./Drivers/STM32H7xx_HAL_Driver/Src/stm32h7xx_hal_tim_ex.o
LOAD ../Drivers/CMSIS/DSP/Lib/GCC\libarm_cortexM7lfdp_math.a
START GROUP
LOAD C:/ST/STM32CubeIDE_1.14.1/STM32CubeIDE/plugins/com.st.stm32cube.ide.mcu.externaltools.gnu-tools-for-stm32.12.3.rel1.win32_1.0.100.202403111256/tools/bin/../lib/gcc/arm-none-eabi/12.3.1/../../../../arm-none-eabi/lib/thumb/v7e-m+dp/hard\libc_nano.a
LOAD C:/ST/STM32CubeIDE_1.14.1/STM32CubeIDE/plugins/com.st.stm32cube.ide.mcu.externaltools.gnu-tools-for-stm32.12.3.rel1.win32_1.0.100.202403111256/tools/bin/../lib/gcc/arm-none-eabi/12.3.1/../../../../arm-none-eabi/lib/thumb/v7e-m+dp/hard\libm.a
END GROUP
START GROUP
LOAD C:/ST/STM32CubeIDE_1.14.1/STM32CubeIDE/plugins/com.st.stm32cube.ide.mcu.externaltools.gnu-tools-for-stm32.12.3.rel1.win32_1.0.100.202403111256/tools/bin/../lib/gcc/arm-none-eabi/12.3.1/thumb/v7e-m+dp/hard\libgcc.a
LOAD C:/ST/STM32CubeIDE_1.14.1/STM32CubeIDE/plugins/com.st.stm32cube.ide.mcu.externaltools.gnu-tools-for-stm32.12.3.rel1.win32_1.0.100.202403111256/tools/bin/../lib/gcc/arm-none-eabi/12.3.1/../../../../arm-none-eabi/lib/thumb/v7e-m+dp/hard\libc_nano.a
END GROUP
START GROUP
LOAD C:/ST/STM32CubeIDE_1.14.1/STM32CubeIDE/plugins/com.st.stm32cube.ide.mcu.externaltools.gnu-tools-for-stm32.12.3.rel1.win32_1.0.100.202403111256/tools/bin/../lib/gcc/arm-none-eabi/12.3.1/thumb/v7e-m+dp/hard\libgcc.a
LOAD C:/ST/STM32CubeIDE_1.14.1/STM32CubeIDE/plugins/com.st.stm32cube.ide.mcu.externaltools.gnu-tools-for-stm32.12.3.rel1.win32_1.0.100.202403111256/tools/bin/../lib/gcc/arm-none-eabi/12.3.1/../../../../arm-none-eabi/lib/thumb/v7e-m+dp/hard\libc_nano.a
LOAD C:/ST/STM32CubeIDE_1.14.1/STM32CubeIDE/plugins/com.st.stm32cube.ide.mcu.externaltools.gnu-tools-for-stm32.12.3.rel1.win32_1.0.100.202403111256/tools/bin/../lib/gcc/arm-none-eabi/12.3.1/../../../../arm-none-eabi/lib/thumb/v7e-m+dp/hard\libnosys.a
END GROUP
START GROUP
LOAD C:/ST/STM32CubeIDE_1.14.1/STM32CubeIDE/plugins/com.st.stm32cube.ide.mcu.externaltools.gnu-tools-for-stm32.12.3.rel1.win32_1.0.100.202403111256/tools/bin/../lib/gcc/arm-none-eabi/12.3.1/thumb/v7e-m+dp/hard\libgcc.a
LOAD C:/ST/STM32CubeIDE_1.14.1/STM32CubeIDE/plugins/com.st.stm32cube.ide.mcu.externaltools.gnu-tools-for-stm32.12.3.rel1.win32_1.0.100.202403111256/tools/bin/../lib/gcc/arm-none-eabi/12.3.1/../../../../arm-none-eabi/lib/thumb/v7e-m+dp/hard\libc_nano.a
LOAD C:/ST/STM32CubeIDE_1.14.1/STM32CubeIDE/plugins/com.st.stm32cube.ide.mcu.externaltools.gnu-tools-for-stm32.12.3.rel1.win32_1.0.100.202403111256/tools/bin/../lib/gcc/arm-none-eabi/12.3.1/../../../../arm-none-eabi/lib/thumb/v7e-m+dp/hard\libnosys.a
END GROUP
LOAD C:/ST/STM32CubeIDE_1.14.1/STM32CubeIDE/plugins/com.st.stm32cube.ide.mcu.externaltools.gnu-tools-for-stm32.12.3.rel1.win32_1.0.100.202403111256/tools/bin/../lib/gcc/arm-none-eabi/12.3.1/thumb/v7e-m+dp/hard/crtend.o
LOAD C:/ST/STM32CubeIDE_1.14.1/STM32CubeIDE/plugins/com.st.stm32cube.ide.mcu.externaltools.gnu-tools-for-stm32.12.3.rel1.win32_1.0.100.202403111256/tools/bin/../lib/gcc/arm-none-eabi/12.3.1/thumb/v7e-m+dp/hard/crtn.o
                0x24050000                        _estack = (ORIGIN (RAM_D1) + LENGTH (RAM_D1))
                0x00000200                        _Min_Heap_Size = 0x200
                0x00000400                        _Min_Stack_Size = 0x400

.isr_vector     0x08000000      0x2cc
                0x08000000                        . = ALIGN (0x4)
 *(.isr_vector)
 .isr_vector    0x08000000      0x2cc ./Core/Startup/startup_stm32h723vgtx.o
                0x08000000                g_pfnVectors
                0x080002cc                        . = ALIGN (0x4)

.text           0x080002cc     0x2d58
                0x080002cc                        . = ALIGN (0x4)
 *(.text)
 .text          0x080002cc       0x40 C:/ST/STM32CubeIDE_1.14.1/STM32CubeIDE/plugins/com.st.stm32cube.ide.mcu.externaltools.gnu-tools-for-stm32.12.3.rel1.win32_1.0.100.202403111256/tools/bin/../lib/gcc/arm-none-eabi/12.3.1/thumb/v7e-m+dp/hard/crtbegin.o
 .text          0x0800030c      0x378 C:/ST/STM32CubeIDE_1.14.1/STM32CubeIDE/plugins/com.st.stm32cube.ide.mcu.externaltools.gnu-tools-for-stm32.12.3.rel1.win32_1.0.100.202403111256/tools/bin/../lib/gcc/arm-none-eabi/12.3.1/thumb/v7e-m+dp/hard\libgcc.a(_arm_addsubdf3.o)
                0x0800030c                __aeabi_drsub
                0x08000314                __aeabi_dsub
                0x08000314                __subdf3
                0x08000318                __aeabi_dadd
                0x08000318                __adddf3
                0x08000590                __floatunsidf
                0x08000590                __aeabi_ui2d
                0x080005b0                __floatsidf
                0x080005b0                __aeabi_i2d
                0x080005d4                __aeabi_f2d
                0x080005d4                __extendsfdf2
                0x08000618                __floatundidf
                0x08000618                __aeabi_ul2d
                0x08000628                __floatdidf
                0x08000628                __aeabi_l2d
 .text          0x08000684       0x30 C:/ST/STM32CubeIDE_1.14.1/STM32CubeIDE/plugins/com.st.stm32cube.ide.mcu.externaltools.gnu-tools-for-stm32.12.3.rel1.win32_1.0.100.202403111256/tools/bin/../lib/gcc/arm-none-eabi/12.3.1/thumb/v7e-m+dp/hard\libgcc.a(_aeabi_uldivmod.o)
                0x08000684                __aeabi_uldivmod
 .text          0x080006b4      0x2bc C:/ST/STM32CubeIDE_1.14.1/STM32CubeIDE/plugins/com.st.stm32cube.ide.mcu.externaltools.gnu-tools-for-stm32.12.3.rel1.win32_1.0.100.202403111256/tools/bin/../lib/gcc/arm-none-eabi/12.3.1/thumb/v7e-m+dp/hard\libgcc.a(_udivmoddi4.o)
                0x080006b4                __udivmoddi4
 .text          0x08000970        0x4 C:/ST/STM32CubeIDE_1.14.1/STM32CubeIDE/plugins/com.st.stm32cube.ide.mcu.externaltools.gnu-tools-for-stm32.12.3.rel1.win32_1.0.100.202403111256/tools/bin/../lib/gcc/arm-none-eabi/12.3.1/thumb/v7e-m+dp/hard\libgcc.a(_dvmd_tls.o)
                0x08000970                __aeabi_idiv0
                0x08000970                __aeabi_ldiv0
 *(.text*)
 .text.MVDR_f32
                0x08000974      0x9a0 ./Core/Src/MVDR.o
                0x08000974                MVDR_f32
 .text.main     0x08001314       0xe4 ./Core/Src/main.o
                0x08001314                main
 .text.SystemClock_Config
                0x080013f8       0xdc ./Core/Src/main.o
                0x080013f8                SystemClock_Config
 .text.MX_GPIO_Init
                0x080014d4       0x54 ./Core/Src/main.o
 .text.MPU_Config
                0x08001528       0x58 ./Core/Src/main.o
 .text.Error_Handler
                0x08001580        0xc ./Core/Src/main.o
                0x08001580                Error_Handler
 .text.HAL_MspInit
                0x0800158c       0x34 ./Core/Src/stm32h7xx_hal_msp.o
                0x0800158c                HAL_MspInit
 .text.NMI_Handler
                0x080015c0        0x8 ./Core/Src/stm32h7xx_it.o
                0x080015c0                NMI_Handler
 .text.HardFault_Handler
                0x080015c8        0x8 ./Core/Src/stm32h7xx_it.o
                0x080015c8                HardFault_Handler
 .text.MemManage_Handler
                0x080015d0        0x8 ./Core/Src/stm32h7xx_it.o
                0x080015d0                MemManage_Handler
 .text.BusFault_Handler
                0x080015d8        0x8 ./Core/Src/stm32h7xx_it.o
                0x080015d8                BusFault_Handler
 .text.UsageFault_Handler
                0x080015e0        0x8 ./Core/Src/stm32h7xx_it.o
                0x080015e0                UsageFault_Handler
 .text.SVC_Handler
                0x080015e8        0xe ./Core/Src/stm32h7xx_it.o
                0x080015e8                SVC_Handler
 .text.DebugMon_Handler
                0x080015f6        0xe ./Core/Src/stm32h7xx_it.o
                0x080015f6                DebugMon_Handler
 .text.PendSV_Handler
                0x08001604        0xe ./Core/Src/stm32h7xx_it.o
                0x08001604                PendSV_Handler
 .text.SysTick_Handler
                0x08001612        0xc ./Core/Src/stm32h7xx_it.o
                0x08001612                SysTick_Handler
 *fill*         0x0800161e        0x2 
 .text.SystemInit
                0x08001620       0xf0 ./Core/Src/system_stm32h7xx.o
                0x08001620                SystemInit
 .text.Reset_Handler
                0x08001710       0x50 ./Core/Startup/startup_stm32h723vgtx.o
                0x08001710                Reset_Handler
 .text.Default_Handler
                0x08001760        0x2 ./Core/Startup/startup_stm32h723vgtx.o
                0x08001760                RTC_Alarm_IRQHandler
                0x08001760                EXTI2_IRQHandler
                0x08001760                TIM8_CC_IRQHandler
                0x08001760                UART8_IRQHandler
                0x08001760                SPI4_IRQHandler
                0x08001760                FDCAN3_IT0_IRQHandler
                0x08001760                TIM1_CC_IRQHandler
                0x08001760                BDMA_Channel6_IRQHandler
                0x08001760                DMA2_Stream5_IRQHandler
                0x08001760                DMA1_Stream5_IRQHandler
                0x08001760                CORDIC_IRQHandler
                0x08001760                BDMA_Channel1_IRQHandler
                0x08001760                TAMP_STAMP_IRQHandler
                0x08001760                EXTI3_IRQHandler
                0x08001760                LPTIM4_IRQHandler
                0x08001760                TIM8_TRG_COM_TIM14_IRQHandler
                0x08001760                LPTIM2_IRQHandler
                0x08001760                DFSDM1_FLT1_IRQHandler
                0x08001760                DMAMUX2_OVR_IRQHandler
                0x08001760                TIM8_UP_TIM13_IRQHandler
                0x08001760                I2C3_ER_IRQHandler
                0x08001760                DFSDM1_FLT2_IRQHandler
                0x08001760                I2C5_EV_IRQHandler
                0x08001760                USART10_IRQHandler
                0x08001760                MDMA_IRQHandler
                0x08001760                LPTIM3_IRQHandler
                0x08001760                HSEM1_IRQHandler
                0x08001760                EXTI0_IRQHandler
                0x08001760                I2C2_EV_IRQHandler
                0x08001760                DMA1_Stream2_IRQHandler
                0x08001760                FPU_IRQHandler
                0x08001760                OTG_HS_WKUP_IRQHandler
                0x08001760                FDCAN1_IT1_IRQHandler
                0x08001760                LTDC_ER_IRQHandler
                0x08001760                DMA2_Stream2_IRQHandler
                0x08001760                SPI1_IRQHandler
                0x08001760                OCTOSPI1_IRQHandler
                0x08001760                TIM6_DAC_IRQHandler
                0x08001760                DMA2_Stream3_IRQHandler
                0x08001760                OCTOSPI2_IRQHandler
                0x08001760                DFSDM1_FLT3_IRQHandler
                0x08001760                TIM23_IRQHandler
                0x08001760                USART6_IRQHandler
                0x08001760                TIM17_IRQHandler
                0x08001760                USART3_IRQHandler
                0x08001760                BDMA_Channel7_IRQHandler
                0x08001760                LPTIM5_IRQHandler
                0x08001760                UART5_IRQHandler
                0x08001760                ADC3_IRQHandler
                0x08001760                DMA2_Stream0_IRQHandler
                0x08001760                TIM4_IRQHandler
                0x08001760                BDMA_Channel2_IRQHandler
                0x08001760                I2C1_EV_IRQHandler
                0x08001760                DMA1_Stream6_IRQHandler
                0x08001760                DMAMUX1_OVR_IRQHandler
                0x08001760                DMA1_Stream1_IRQHandler
                0x08001760                TIM16_IRQHandler
                0x08001760                UART4_IRQHandler
                0x08001760                BDMA_Channel5_IRQHandler
                0x08001760                TIM3_IRQHandler
                0x08001760                RCC_IRQHandler
                0x08001760                UART9_IRQHandler
                0x08001760                TIM8_BRK_TIM12_IRQHandler
                0x08001760                TIM1_TRG_COM_IRQHandler
                0x08001760                Default_Handler
                0x08001760                ECC_IRQHandler
                0x08001760                FMAC_IRQHandler
                0x08001760                CEC_IRQHandler
                0x08001760                EXTI15_10_IRQHandler
                0x08001760                BDMA_Channel0_IRQHandler
                0x08001760                ADC_IRQHandler
                0x08001760                I2C5_ER_IRQHandler
                0x08001760                DMA1_Stream7_IRQHandler
                0x08001760                SPI5_IRQHandler
                0x08001760                TIM7_IRQHandler
                0x08001760                FDCAN3_IT1_IRQHandler
                0x08001760                SDMMC1_IRQHandler
                0x08001760                TIM5_IRQHandler
                0x08001760                DMA2_Stream7_IRQHandler
                0x08001760                TIM15_IRQHandler
                0x08001760                PVD_AVD_IRQHandler
                0x08001760                I2C3_EV_IRQHandler
                0x08001760                EXTI9_5_IRQHandler
                0x08001760                RTC_WKUP_IRQHandler
                0x08001760                LTDC_IRQHandler
                0x08001760                ETH_WKUP_IRQHandler
                0x08001760                SPDIF_RX_IRQHandler
                0x08001760                SPI2_IRQHandler
                0x08001760                OTG_HS_EP1_IN_IRQHandler
                0x08001760                DMA1_Stream0_IRQHandler
                0x08001760                TIM24_IRQHandler
                0x08001760                CRS_IRQHandler
                0x08001760                EXTI4_IRQHandler
                0x08001760                RNG_IRQHandler
                0x08001760                FDCAN2_IT1_IRQHandler
                0x08001760                ETH_IRQHandler
                0x08001760                TIM1_UP_IRQHandler
                0x08001760                BDMA_Channel4_IRQHandler
                0x08001760                OTG_HS_EP1_OUT_IRQHandler
                0x08001760                WWDG_IRQHandler
                0x08001760                SPI6_IRQHandler
                0x08001760                MDIOS_IRQHandler
                0x08001760                I2C4_EV_IRQHandler
                0x08001760                FDCAN2_IT0_IRQHandler
                0x08001760                LPUART1_IRQHandler
                0x08001760                FDCAN1_IT0_IRQHandler
                0x08001760                TIM2_IRQHandler
                0x08001760                OTG_HS_IRQHandler
                0x08001760                DMA2D_IRQHandler
                0x08001760                TIM1_BRK_IRQHandler
                0x08001760                EXTI1_IRQHandler
                0x08001760                SDMMC2_IRQHandler
                0x08001760                BDMA_Channel3_IRQHandler
                0x08001760                DTS_IRQHandler
                0x08001760                UART7_IRQHandler
                0x08001760                MDIOS_WKUP_IRQHandler
                0x08001760                USART2_IRQHandler
                0x08001760                DFSDM1_FLT0_IRQHandler
                0x08001760                SAI4_IRQHandler
                0x08001760                I2C2_ER_IRQHandler
                0x08001760                DMA2_Stream1_IRQHandler
                0x08001760                FLASH_IRQHandler
                0x08001760                DMA2_Stream4_IRQHandler
                0x08001760                USART1_IRQHandler
                0x08001760                SPI3_IRQHandler
                0x08001760                WAKEUP_PIN_IRQHandler
                0x08001760                DMA1_Stream4_IRQHandler
                0x08001760                I2C1_ER_IRQHandler
                0x08001760                FMC_IRQHandler
                0x08001760                FDCAN_CAL_IRQHandler
                0x08001760                SWPMI1_IRQHandler
                0x08001760                COMP1_IRQHandler
                0x08001760                LPTIM1_IRQHandler
                0x08001760                DCMI_PSSI_IRQHandler
                0x08001760                I2C4_ER_IRQHandler
                0x08001760                DMA2_Stream6_IRQHandler
                0x08001760                SAI1_IRQHandler
                0x08001760                DMA1_Stream3_IRQHandler
 *fill*         0x08001762        0x2 
 .text.HAL_Init
                0x08001764       0x78 ./Drivers/STM32H7xx_HAL_Driver/Src/stm32h7xx_hal.o
                0x08001764                HAL_Init
 .text.HAL_InitTick
                0x080017dc       0x6c ./Drivers/STM32H7xx_HAL_Driver/Src/stm32h7xx_hal.o
                0x080017dc                HAL_InitTick
 .text.HAL_IncTick
                0x08001848       0x28 ./Drivers/STM32H7xx_HAL_Driver/Src/stm32h7xx_hal.o
                0x08001848                HAL_IncTick
 .text.HAL_GetTick
                0x08001870       0x18 ./Drivers/STM32H7xx_HAL_Driver/Src/stm32h7xx_hal.o
                0x08001870                HAL_GetTick
 .text.HAL_Delay
                0x08001888       0x48 ./Drivers/STM32H7xx_HAL_Driver/Src/stm32h7xx_hal.o
                0x08001888                HAL_Delay
 .text.__NVIC_SetPriorityGrouping
                0x080018d0       0x48 ./Drivers/STM32H7xx_HAL_Driver/Src/stm32h7xx_hal_cortex.o
 .text.__NVIC_GetPriorityGrouping
                0x08001918       0x1c ./Drivers/STM32H7xx_HAL_Driver/Src/stm32h7xx_hal_cortex.o
 .text.__NVIC_SetPriority
                0x08001934       0x54 ./Drivers/STM32H7xx_HAL_Driver/Src/stm32h7xx_hal_cortex.o
 .text.NVIC_EncodePriority
                0x08001988       0x66 ./Drivers/STM32H7xx_HAL_Driver/Src/stm32h7xx_hal_cortex.o
 *fill*         0x080019ee        0x2 
 .text.SysTick_Config
                0x080019f0       0x44 ./Drivers/STM32H7xx_HAL_Driver/Src/stm32h7xx_hal_cortex.o
 .text.HAL_NVIC_SetPriorityGrouping
                0x08001a34       0x16 ./Drivers/STM32H7xx_HAL_Driver/Src/stm32h7xx_hal_cortex.o
                0x08001a34                HAL_NVIC_SetPriorityGrouping
 .text.HAL_NVIC_SetPriority
                0x08001a4a       0x34 ./Drivers/STM32H7xx_HAL_Driver/Src/stm32h7xx_hal_cortex.o
                0x08001a4a                HAL_NVIC_SetPriority
 .text.HAL_SYSTICK_Config
                0x08001a7e       0x18 ./Drivers/STM32H7xx_HAL_Driver/Src/stm32h7xx_hal_cortex.o
                0x08001a7e                HAL_SYSTICK_Config
 *fill*         0x08001a96        0x2 
 .text.HAL_MPU_Disable
                0x08001a98       0x30 ./Drivers/STM32H7xx_HAL_Driver/Src/stm32h7xx_hal_cortex.o
                0x08001a98                HAL_MPU_Disable
 .text.HAL_MPU_Enable
                0x08001ac8       0x40 ./Drivers/STM32H7xx_HAL_Driver/Src/stm32h7xx_hal_cortex.o
                0x08001ac8                HAL_MPU_Enable
 .text.HAL_MPU_ConfigRegion
                0x08001b08       0x88 ./Drivers/STM32H7xx_HAL_Driver/Src/stm32h7xx_hal_cortex.o
                0x08001b08                HAL_MPU_ConfigRegion
 .text.HAL_PWREx_ConfigSupply
                0x08001b90       0x74 ./Drivers/STM32H7xx_HAL_Driver/Src/stm32h7xx_hal_pwr_ex.o
                0x08001b90                HAL_PWREx_ConfigSupply
 .text.HAL_RCC_OscConfig
                0x08001c04      0x7b4 ./Drivers/STM32H7xx_HAL_Driver/Src/stm32h7xx_hal_rcc.o
                0x08001c04                HAL_RCC_OscConfig
 .text.HAL_RCC_ClockConfig
                0x080023b8      0x36c ./Drivers/STM32H7xx_HAL_Driver/Src/stm32h7xx_hal_rcc.o
                0x080023b8                HAL_RCC_ClockConfig
 .text.HAL_RCC_GetSysClockFreq
                0x08002724      0x2f4 ./Drivers/STM32H7xx_HAL_Driver/Src/stm32h7xx_hal_rcc.o
                0x08002724                HAL_RCC_GetSysClockFreq
 .text.arm_mat_trans_f32
                0x08002a18       0xbc ../Drivers/CMSIS/DSP/Lib/GCC\libarm_cortexM7lfdp_math.a(arm_mat_trans_f32.o)
                0x08002a18                arm_mat_trans_f32
 .text.arm_mat_mult_f32
                0x08002ad4      0x148 ../Drivers/CMSIS/DSP/Lib/GCC\libarm_cortexM7lfdp_math.a(arm_mat_mult_f32.o)
                0x08002ad4                arm_mat_mult_f32
 .text.arm_mat_inverse_f32
                0x08002c1c      0x1fc ../Drivers/CMSIS/DSP/Lib/GCC\libarm_cortexM7lfdp_math.a(arm_mat_inverse_f32.o)
                0x08002c1c                arm_mat_inverse_f32
 .text.arm_mat_init_f32
                0x08002e18        0x8 ../Drivers/CMSIS/DSP/Lib/GCC\libarm_cortexM7lfdp_math.a(arm_mat_init_f32.o)
                0x08002e18                arm_mat_init_f32
 .text.arm_cmplx_mult_cmplx_f32
                0x08002e20      0x194 ../Drivers/CMSIS/DSP/Lib/GCC\libarm_cortexM7lfdp_math.a(arm_cmplx_mult_cmplx_f32.o)
                0x08002e20                arm_cmplx_mult_cmplx_f32
 .text.memset   0x08002fb4       0x10 C:/ST/STM32CubeIDE_1.14.1/STM32CubeIDE/plugins/com.st.stm32cube.ide.mcu.externaltools.gnu-tools-for-stm32.12.3.rel1.win32_1.0.100.202403111256/tools/bin/../lib/gcc/arm-none-eabi/12.3.1/../../../../arm-none-eabi/lib/thumb/v7e-m+dp/hard\libc_nano.a(libc_a-memset.o)
                0x08002fb4                memset
 .text.__libc_init_array
                0x08002fc4       0x48 C:/ST/STM32CubeIDE_1.14.1/STM32CubeIDE/plugins/com.st.stm32cube.ide.mcu.externaltools.gnu-tools-for-stm32.12.3.rel1.win32_1.0.100.202403111256/tools/bin/../lib/gcc/arm-none-eabi/12.3.1/../../../../arm-none-eabi/lib/thumb/v7e-m+dp/hard\libc_nano.a(libc_a-init.o)
                0x08002fc4                __libc_init_array
 *(.glue_7)
 .glue_7        0x0800300c        0x0 linker stubs
 *(.glue_7t)
 .glue_7t       0x0800300c        0x0 linker stubs
 *(.eh_frame)
 .eh_frame      0x0800300c        0x0 C:/ST/STM32CubeIDE_1.14.1/STM32CubeIDE/plugins/com.st.stm32cube.ide.mcu.externaltools.gnu-tools-for-stm32.12.3.rel1.win32_1.0.100.202403111256/tools/bin/../lib/gcc/arm-none-eabi/12.3.1/thumb/v7e-m+dp/hard/crtbegin.o
 *(.init)
 .init          0x0800300c        0x4 C:/ST/STM32CubeIDE_1.14.1/STM32CubeIDE/plugins/com.st.stm32cube.ide.mcu.externaltools.gnu-tools-for-stm32.12.3.rel1.win32_1.0.100.202403111256/tools/bin/../lib/gcc/arm-none-eabi/12.3.1/thumb/v7e-m+dp/hard/crti.o
                0x0800300c                _init
 .init          0x08003010        0x8 C:/ST/STM32CubeIDE_1.14.1/STM32CubeIDE/plugins/com.st.stm32cube.ide.mcu.externaltools.gnu-tools-for-stm32.12.3.rel1.win32_1.0.100.202403111256/tools/bin/../lib/gcc/arm-none-eabi/12.3.1/thumb/v7e-m+dp/hard/crtn.o
 *(.fini)
 .fini          0x08003018        0x4 C:/ST/STM32CubeIDE_1.14.1/STM32CubeIDE/plugins/com.st.stm32cube.ide.mcu.externaltools.gnu-tools-for-stm32.12.3.rel1.win32_1.0.100.202403111256/tools/bin/../lib/gcc/arm-none-eabi/12.3.1/thumb/v7e-m+dp/hard/crti.o
                0x08003018                _fini
 .fini          0x0800301c        0x8 C:/ST/STM32CubeIDE_1.14.1/STM32CubeIDE/plugins/com.st.stm32cube.ide.mcu.externaltools.gnu-tools-for-stm32.12.3.rel1.win32_1.0.100.202403111256/tools/bin/../lib/gcc/arm-none-eabi/12.3.1/thumb/v7e-m+dp/hard/crtn.o
                0x08003024                        . = ALIGN (0x4)
                0x08003024                        _etext = .

.vfp11_veneer   0x08003024        0x0
 .vfp11_veneer  0x08003024        0x0 linker stubs

.v4_bx          0x08003024        0x0
 .v4_bx         0x08003024        0x0 linker stubs

.iplt           0x08003024        0x0
 .iplt          0x08003024        0x0 C:/ST/STM32CubeIDE_1.14.1/STM32CubeIDE/plugins/com.st.stm32cube.ide.mcu.externaltools.gnu-tools-for-stm32.12.3.rel1.win32_1.0.100.202403111256/tools/bin/../lib/gcc/arm-none-eabi/12.3.1/thumb/v7e-m+dp/hard/crtbegin.o

.rodata         0x08003024       0x50
                0x08003024                        . = ALIGN (0x4)
 *(.rodata)
 *(.rodata*)
 .rodata.qiescentWeights
                0x08003024       0x40 ./Core/Src/main.o
                0x08003024                qiescentWeights
 .rodata.D1CorePrescTable
                0x08003064       0x10 ./Core/Src/system_stm32h7xx.o
                0x08003064                D1CorePrescTable
                0x08003074                        . = ALIGN (0x4)

.ARM.extab
 *(.ARM.extab* .gnu.linkonce.armextab.*)

.ARM            0x08003074        0x8
                0x08003074                        __exidx_start = .
 *(.ARM.exidx*)
 .ARM.exidx     0x08003074        0x8 C:/ST/STM32CubeIDE_1.14.1/STM32CubeIDE/plugins/com.st.stm32cube.ide.mcu.externaltools.gnu-tools-for-stm32.12.3.rel1.win32_1.0.100.202403111256/tools/bin/../lib/gcc/arm-none-eabi/12.3.1/thumb/v7e-m+dp/hard\libgcc.a(_udivmoddi4.o)
                0x0800307c                        __exidx_end = .

.preinit_array  0x0800307c        0x0
                0x0800307c                        PROVIDE (__preinit_array_start = .)
 *(.preinit_array*)
                0x0800307c                        PROVIDE (__preinit_array_end = .)

.init_array     0x0800307c        0x4
                0x0800307c                        PROVIDE (__init_array_start = .)
 *(SORT_BY_NAME(.init_array.*))
 *(.init_array*)
 .init_array    0x0800307c        0x4 C:/ST/STM32CubeIDE_1.14.1/STM32CubeIDE/plugins/com.st.stm32cube.ide.mcu.externaltools.gnu-tools-for-stm32.12.3.rel1.win32_1.0.100.202403111256/tools/bin/../lib/gcc/arm-none-eabi/12.3.1/thumb/v7e-m+dp/hard/crtbegin.o
                0x08003080                        PROVIDE (__init_array_end = .)

.fini_array     0x08003080        0x4
                [!provide]                        PROVIDE (__fini_array_start = .)
 *(SORT_BY_NAME(.fini_array.*))
 *(.fini_array*)
 .fini_array    0x08003080        0x4 C:/ST/STM32CubeIDE_1.14.1/STM32CubeIDE/plugins/com.st.stm32cube.ide.mcu.externaltools.gnu-tools-for-stm32.12.3.rel1.win32_1.0.100.202403111256/tools/bin/../lib/gcc/arm-none-eabi/12.3.1/thumb/v7e-m+dp/hard/crtbegin.o
                [!provide]                        PROVIDE (__fini_array_end = .)
                0x08003084                        _sidata = LOADADDR (.data)

.rel.dyn        0x08003084        0x0
 .rel.iplt      0x08003084        0x0 C:/ST/STM32CubeIDE_1.14.1/STM32CubeIDE/plugins/com.st.stm32cube.ide.mcu.externaltools.gnu-tools-for-stm32.12.3.rel1.win32_1.0.100.202403111256/tools/bin/../lib/gcc/arm-none-eabi/12.3.1/thumb/v7e-m+dp/hard/crtbegin.o

.data           0x24000000     0x8014 load address 0x08003084
                0x24000000                        . = ALIGN (0x4)
                0x24000000                        _sdata = .
 *(.data)
 *(.data*)
 .data.arraySize
                0x24000000        0x1 ./Core/Src/main.o
                0x24000000                arraySize
 *fill*         0x24000001        0x1 
 .data.snapshotSize
                0x24000002        0x2 ./Core/Src/main.o
                0x24000002                snapshotSize
 .data.snapshotI
                0x24000004     0x4000 ./Core/Src/main.o
                0x24000004                snapshotI
 .data.snapshotQ
                0x24004004     0x4000 ./Core/Src/main.o
                0x24004004                snapshotQ
 .data.SystemCoreClock
                0x24008004        0x4 ./Core/Src/system_stm32h7xx.o
                0x24008004                SystemCoreClock
 .data.SystemD2Clock
                0x24008008        0x4 ./Core/Src/system_stm32h7xx.o
                0x24008008                SystemD2Clock
 .data.uwTickPrio
                0x2400800c        0x4 ./Drivers/STM32H7xx_HAL_Driver/Src/stm32h7xx_hal.o
                0x2400800c                uwTickPrio
 .data.uwTickFreq
                0x24008010        0x1 ./Drivers/STM32H7xx_HAL_Driver/Src/stm32h7xx_hal.o
                0x24008010                uwTickFreq
 *(.RamFunc)
 *(.RamFunc*)
                0x24008014                        . = ALIGN (0x4)
 *fill*         0x24008011        0x3 
                0x24008014                        _edata = .

.igot.plt       0x24008014        0x0 load address 0x0800b098
 .igot.plt      0x24008014        0x0 C:/ST/STM32CubeIDE_1.14.1/STM32CubeIDE/plugins/com.st.stm32cube.ide.mcu.externaltools.gnu-tools-for-stm32.12.3.rel1.win32_1.0.100.202403111256/tools/bin/../lib/gcc/arm-none-eabi/12.3.1/thumb/v7e-m+dp/hard/crtbegin.o
                0x24008014                        . = ALIGN (0x4)

.bss            0x24008018       0x78 load address 0x0800b098
                0x24008018                        _sbss = .
                0x24008018                        __bss_start__ = _sbss
 *(.bss)
 .bss           0x24008018       0x1c C:/ST/STM32CubeIDE_1.14.1/STM32CubeIDE/plugins/com.st.stm32cube.ide.mcu.externaltools.gnu-tools-for-stm32.12.3.rel1.win32_1.0.100.202403111256/tools/bin/../lib/gcc/arm-none-eabi/12.3.1/thumb/v7e-m+dp/hard/crtbegin.o
 *(.bss*)
 *fill*         0x24008034        0x4 
 .bss.execcyc   0x24008038        0x8 ./Core/Src/main.o
                0x24008038                execcyc
 .bss.execus    0x24008040        0x8 ./Core/Src/main.o
                0x24008040                execus
 .bss.mvdrWeights
                0x24008048       0x40 ./Core/Src/main.o
                0x24008048                mvdrWeights
 .bss.mvstatus  0x24008088        0x1 ./Core/Src/main.o
                0x24008088                mvstatus
 *fill*         0x24008089        0x3 
 .bss.uwTick    0x2400808c        0x4 ./Drivers/STM32H7xx_HAL_Driver/Src/stm32h7xx_hal.o
                0x2400808c                uwTick
 *(COMMON)
                0x24008090                        . = ALIGN (0x4)
                0x24008090                        _ebss = .
                0x24008090                        __bss_end__ = _ebss

._user_heap_stack
                0x24008090      0x600 load address 0x0800b098
                0x24008090                        . = ALIGN (0x8)
                [!provide]                        PROVIDE (end = .)
                0x24008090                        PROVIDE (_end = .)
                0x24008290                        . = (. + _Min_Heap_Size)
 *fill*         0x24008090      0x200 
                0x24008690                        . = (. + _Min_Stack_Size)
 *fill*         0x24008290      0x400 
                0x24008690                        . = ALIGN (0x8)

/DISCARD/
 libc.a(*)
 libm.a(*)
 libgcc.a(*)

.ARM.attributes
                0x00000000       0x2e
 *(.ARM.attributes)
 .ARM.attributes
                0x00000000       0x20 C:/ST/STM32CubeIDE_1.14.1/STM32CubeIDE/plugins/com.st.stm32cube.ide.mcu.externaltools.gnu-tools-for-stm32.12.3.rel1.win32_1.0.100.202403111256/tools/bin/../lib/gcc/arm-none-eabi/12.3.1/thumb/v7e-m+dp/hard/crti.o
 .ARM.attributes
                0x00000020       0x32 C:/ST/STM32CubeIDE_1.14.1/STM32CubeIDE/plugins/com.st.stm32cube.ide.mcu.externaltools.gnu-tools-for-stm32.12.3.rel1.win32_1.0.100.202403111256/tools/bin/../lib/gcc/arm-none-eabi/12.3.1/thumb/v7e-m+dp/hard/crtbegin.o
 .ARM.attributes
                0x00000052       0x32 ./Core/Src/MVDR.o
 .ARM.attributes
                0x00000084       0x32 ./Core/Src/main.o
 .ARM.attributes
                0x000000b6       0x32 ./Core/Src/stm32h7xx_hal_msp.o
 .ARM.attributes
                0x000000e8       0x32 ./Core/Src/stm32h7xx_it.o
 .ARM.attributes
                0x0000011a       0x32 ./Core/Src/system_stm32h7xx.o
 .ARM.attributes
                0x0000014c       0x21 ./Core/Startup/startup_stm32h723vgtx.o
 .ARM.attributes
                0x0000016d       0x32 ./Drivers/STM32H7xx_HAL_Driver/Src/stm32h7xx_hal.o
 .ARM.attributes
                0x0000019f       0x32 ./Drivers/STM32H7xx_HAL_Driver/Src/stm32h7xx_hal_cortex.o
 .ARM.attributes
                0x000001d1       0x32 ./Drivers/STM32H7xx_HAL_Driver/Src/stm32h7xx_hal_pwr_ex.o
 .ARM.attributes
                0x00000203       0x32 ./Drivers/STM32H7xx_HAL_Driver/Src/stm32h7xx_hal_rcc.o
 .ARM.attributes
                0x00000235       0x32 ../Drivers/CMSIS/DSP/Lib/GCC\libarm_cortexM7lfdp_math.a(arm_mat_trans_f32.o)
 .ARM.attributes
                0x00000267       0x32 ../Drivers/CMSIS/DSP/Lib/GCC\libarm_cortexM7lfdp_math.a(arm_mat_mult_f32.o)
 .ARM.attributes
                0x00000299       0x32 ../Drivers/CMSIS/DSP/Lib/GCC\libarm_cortexM7lfdp_math.a(arm_mat_inverse_f32.o)
 .ARM.attributes
                0x000002cb       0x32 ../Drivers/CMSIS/DSP/Lib/GCC\libarm_cortexM7lfdp_math.a(arm_mat_init_f32.o)
 .ARM.attributes
                0x000002fd       0x32 ../Drivers/CMSIS/DSP/Lib/GCC\libarm_cortexM7lfdp_math.a(arm_cmplx_mult_cmplx_f32.o)
 .ARM.attributes
                0x0000032f       0x32 C:/ST/STM32CubeIDE_1.14.1/STM32CubeIDE/plugins/com.st.stm32cube.ide.mcu.externaltools.gnu-tools-for-stm32.12.3.rel1.win32_1.0.100.202403111256/tools/bin/../lib/gcc/arm-none-eabi/12.3.1/../../../../arm-none-eabi/lib/thumb/v7e-m+dp/hard\libc_nano.a(libc_a-memset.o)
 .ARM.attributes
                0x00000361       0x32 C:/ST/STM32CubeIDE_1.14.1/STM32CubeIDE/plugins/com.st.stm32cube.ide.mcu.externaltools.gnu-tools-for-stm32.12.3.rel1.win32_1.0.100.202403111256/tools/bin/../lib/gcc/arm-none-eabi/12.3.1/../../../../arm-none-eabi/lib/thumb/v7e-m+dp/hard\libc_nano.a(libc_a-init.o)
 .ARM.attributes
                0x00000393       0x20 C:/ST/STM32CubeIDE_1.14.1/STM32CubeIDE/plugins/com.st.stm32cube.ide.mcu.externaltools.gnu-tools-for-stm32.12.3.rel1.win32_1.0.100.202403111256/tools/bin/../lib/gcc/arm-none-eabi/12.3.1/thumb/v7e-m+dp/hard\libgcc.a(_arm_addsubdf3.o)
 .ARM.attributes
                0x000003b3       0x20 C:/ST/STM32CubeIDE_1.14.1/STM32CubeIDE/plugins/com.st.stm32cube.ide.mcu.externaltools.gnu-tools-for-stm32.12.3.rel1.win32_1.0.100.202403111256/tools/bin/../lib/gcc/arm-none-eabi/12.3.1/thumb/v7e-m+dp/hard\libgcc.a(_aeabi_uldivmod.o)
 .ARM.attributes
                0x000003d3       0x32 C:/ST/STM32CubeIDE_1.14.1/STM32CubeIDE/plugins/com.st.stm32cube.ide.mcu.externaltools.gnu-tools-for-stm32.12.3.rel1.win32_1.0.100.202403111256/tools/bin/../lib/gcc/arm-none-eabi/12.3.1/thumb/v7e-m+dp/hard\libgcc.a(_udivmoddi4.o)
 .ARM.attributes
                0x00000405       0x20 C:/ST/STM32CubeIDE_1.14.1/STM32CubeIDE/plugins/com.st.stm32cube.ide.mcu.externaltools.gnu-tools-for-stm32.12.3.rel1.win32_1.0.100.202403111256/tools/bin/../lib/gcc/arm-none-eabi/12.3.1/thumb/v7e-m+dp/hard\libgcc.a(_dvmd_tls.o)
 .ARM.attributes
                0x00000425       0x20 C:/ST/STM32CubeIDE_1.14.1/STM32CubeIDE/plugins/com.st.stm32cube.ide.mcu.externaltools.gnu-tools-for-stm32.12.3.rel1.win32_1.0.100.202403111256/tools/bin/../lib/gcc/arm-none-eabi/12.3.1/thumb/v7e-m+dp/hard/crtn.o
OUTPUT(H7_MVDR_Benchmark.elf elf32-littlearm)
LOAD linker stubs
LOAD C:/ST/STM32CubeIDE_1.14.1/STM32CubeIDE/plugins/com.st.stm32cube.ide.mcu.externaltools.gnu-tools-for-stm32.12.3.rel1.win32_1.0.100.202403111256/tools/bin/../lib/gcc/arm-none-eabi/12.3.1/../../../../arm-none-eabi/lib/thumb/v7e-m+dp/hard\libc.a
LOAD C:/ST/STM32CubeIDE_1.14.1/STM32CubeIDE/plugins/com.st.stm32cube.ide.mcu.externaltools.gnu-tools-for-stm32.12.3.rel1.win32_1.0.100.202403111256/tools/bin/../lib/gcc/arm-none-eabi/12.3.1/../../../../arm-none-eabi/lib/thumb/v7e-m+dp/hard\libm.a
LOAD C:/ST/STM32CubeIDE_1.14.1/STM32CubeIDE/plugins/com.st.stm32cube.ide.mcu.externaltools.gnu-tools-for-stm32.12.3.rel1.win32_1.0.100.202403111256/tools/bin/../lib/gcc/arm-none-eabi/12.3.1/thumb/v7e-m+dp/hard\libgcc.a

.debug_info     0x00000000     0xa21e
 .debug_info    0x00000000      0x570 ./Core/Src/MVDR.o
 .debug_info    0x00000570      0xd05 ./Core/Src/main.o
 .debug_info    0x00001275      0x464 ./Core/Src/stm32h7xx_hal_msp.o
 .debug_info    0x000016d9      0x128 ./Core/Src/stm32h7xx_it.o
 .debug_info    0x00001801      0xb2e ./Core/Src/system_stm32h7xx.o
 .debug_info    0x0000232f       0x30 ./Core/Startup/startup_stm32h723vgtx.o
 .debug_info    0x0000235f     0x1698 ./Drivers/STM32H7xx_HAL_Driver/Src/stm32h7xx_hal.o
 .debug_info    0x000039f7     0x1054 ./Drivers/STM32H7xx_HAL_Driver/Src/stm32h7xx_hal_cortex.o
 .debug_info    0x00004a4b      0xdc4 ./Drivers/STM32H7xx_HAL_Driver/Src/stm32h7xx_hal_pwr_ex.o
 .debug_info    0x0000580f      0xd73 ./Drivers/STM32H7xx_HAL_Driver/Src/stm32h7xx_hal_rcc.o
 .debug_info    0x00006582      0xc1e ../Drivers/CMSIS/DSP/Lib/GCC\libarm_cortexM7lfdp_math.a(arm_mat_trans_f32.o)
 .debug_info    0x000071a0      0xcb5 ../Drivers/CMSIS/DSP/Lib/GCC\libarm_cortexM7lfdp_math.a(arm_mat_mult_f32.o)
 .debug_info    0x00007e55      0xd81 ../Drivers/CMSIS/DSP/Lib/GCC\libarm_cortexM7lfdp_math.a(arm_mat_inverse_f32.o)
 .debug_info    0x00008bd6      0xb0c ../Drivers/CMSIS/DSP/Lib/GCC\libarm_cortexM7lfdp_math.a(arm_mat_init_f32.o)
 .debug_info    0x000096e2      0xb3c ../Drivers/CMSIS/DSP/Lib/GCC\libarm_cortexM7lfdp_math.a(arm_cmplx_mult_cmplx_f32.o)

.debug_abbrev   0x00000000     0x1c6e
 .debug_abbrev  0x00000000      0x161 ./Core/Src/MVDR.o
 .debug_abbrev  0x00000161      0x2b7 ./Core/Src/main.o
 .debug_abbrev  0x00000418       0xdb ./Core/Src/stm32h7xx_hal_msp.o
 .debug_abbrev  0x000004f3       0x73 ./Core/Src/stm32h7xx_it.o
 .debug_abbrev  0x00000566      0x13a ./Core/Src/system_stm32h7xx.o
 .debug_abbrev  0x000006a0       0x24 ./Core/Startup/startup_stm32h723vgtx.o
 .debug_abbrev  0x000006c4      0x29e ./Drivers/STM32H7xx_HAL_Driver/Src/stm32h7xx_hal.o
 .debug_abbrev  0x00000962      0x339 ./Drivers/STM32H7xx_HAL_Driver/Src/stm32h7xx_hal_cortex.o
 .debug_abbrev  0x00000c9b      0x295 ./Drivers/STM32H7xx_HAL_Driver/Src/stm32h7xx_hal_pwr_ex.o
 .debug_abbrev  0x00000f30      0x2b1 ./Drivers/STM32H7xx_HAL_Driver/Src/stm32h7xx_hal_rcc.o
 .debug_abbrev  0x000011e1      0x216 ../Drivers/CMSIS/DSP/Lib/GCC\libarm_cortexM7lfdp_math.a(arm_mat_trans_f32.o)
 .debug_abbrev  0x000013f7      0x225 ../Drivers/CMSIS/DSP/Lib/GCC\libarm_cortexM7lfdp_math.a(arm_mat_mult_f32.o)
 .debug_abbrev  0x0000161c      0x26c ../Drivers/CMSIS/DSP/Lib/GCC\libarm_cortexM7lfdp_math.a(arm_mat_inverse_f32.o)
 .debug_abbrev  0x00001888      0x1e7 ../Drivers/CMSIS/DSP/Lib/GCC\libarm_cortexM7lfdp_math.a(arm_mat_init_f32.o)
 .debug_abbrev  0x00001a6f      0x1ff ../Drivers/CMSIS/DSP/Lib/GCC\libarm_cortexM7lfdp_math.a(arm_cmplx_mult_cmplx_f32.o)

.debug_aranges  0x00000000      0x688
 .debug_aranges
                0x00000000       0x20 ./Core/Src/MVDR.o
 .debug_aranges
                0x00000020       0x40 ./Core/Src/main.o
 .debug_aranges
                0x00000060       0x20 ./Core/Src/stm32h7xx_hal_msp.o
 .debug_aranges
                0x00000080       0x60 ./Core/Src/stm32h7xx_it.o
 .debug_aranges
                0x000000e0       0x28 ./Core/Src/system_stm32h7xx.o
 .debug_aranges
                0x00000108       0x28 ./Core/Startup/startup_stm32h723vgtx.o
 .debug_aranges
                0x00000130      0x1c8 ./Drivers/STM32H7xx_HAL_Driver/Src/stm32h7xx_hal.o
 .debug_aranges
                0x000002f8      0x120 ./Drivers/STM32H7xx_HAL_Driver/Src/stm32h7xx_hal_cortex.o
 .debug_aranges
                0x00000418      0x148 ./Drivers/STM32H7xx_HAL_Driver/Src/stm32h7xx_hal_pwr_ex.o
 .debug_aranges
                0x00000560       0x88 ./Drivers/STM32H7xx_HAL_Driver/Src/stm32h7xx_hal_rcc.o
 .debug_aranges
                0x000005e8       0x20 ../Drivers/CMSIS/DSP/Lib/GCC\libarm_cortexM7lfdp_math.a(arm_mat_trans_f32.o)
 .debug_aranges
                0x00000608       0x20 ../Drivers/CMSIS/DSP/Lib/GCC\libarm_cortexM7lfdp_math.a(arm_mat_mult_f32.o)
 .debug_aranges
                0x00000628       0x20 ../Drivers/CMSIS/DSP/Lib/GCC\libarm_cortexM7lfdp_math.a(arm_mat_inverse_f32.o)
 .debug_aranges
                0x00000648       0x20 ../Drivers/CMSIS/DSP/Lib/GCC\libarm_cortexM7lfdp_math.a(arm_mat_init_f32.o)
 .debug_aranges
                0x00000668       0x20 ../Drivers/CMSIS/DSP/Lib/GCC\libarm_cortexM7lfdp_math.a(arm_cmplx_mult_cmplx_f32.o)

.debug_rnglists
                0x00000000      0x450
 .debug_rnglists
                0x00000000       0x14 ./Core/Src/MVDR.o
 .debug_rnglists
                0x00000014       0x2d ./Core/Src/main.o
 .debug_rnglists
                0x00000041       0x13 ./Core/Src/stm32h7xx_hal_msp.o
 .debug_rnglists
                0x00000054       0x43 ./Core/Src/stm32h7xx_it.o
 .debug_rnglists
                0x00000097       0x1b ./Core/Src/system_stm32h7xx.o
 .debug_rnglists
                0x000000b2       0x19 ./Core/Startup/startup_stm32h723vgtx.o
 .debug_rnglists
                0x000000cb      0x155 ./Drivers/STM32H7xx_HAL_Driver/Src/stm32h7xx_hal.o
 .debug_rnglists
                0x00000220       0xd4 ./Drivers/STM32H7xx_HAL_Driver/Src/stm32h7xx_hal_cortex.o
 .debug_rnglists
                0x000002f4       0xf4 ./Drivers/STM32H7xx_HAL_Driver/Src/stm32h7xx_hal_pwr_ex.o
 .debug_rnglists
                0x000003e8       0x68 ./Drivers/STM32H7xx_HAL_Driver/Src/stm32h7xx_hal_rcc.o

.debug_macro    0x00000000    0x3019d
 .debug_macro   0x00000000      0x183 ./Core/Src/MVDR.o
 .debug_macro   0x00000183      0xacc ./Core/Src/MVDR.o
 .debug_macro   0x00000c4f       0x22 ./Core/Src/MVDR.o
 .debug_macro   0x00000c71       0x8e ./Core/Src/MVDR.o
 .debug_macro   0x00000cff       0x51 ./Core/Src/MVDR.o
 .debug_macro   0x00000d50      0x103 ./Core/Src/MVDR.o
 .debug_macro   0x00000e53       0x6a ./Core/Src/MVDR.o
 .debug_macro   0x00000ebd      0x1df ./Core/Src/MVDR.o
 .debug_macro   0x0000109c       0xfb ./Core/Src/MVDR.o
 .debug_macro   0x00001197       0x61 ./Core/Src/MVDR.o
 .debug_macro   0x000011f8       0x29 ./Core/Src/MVDR.o
 .debug_macro   0x00001221       0x43 ./Core/Src/MVDR.o
 .debug_macro   0x00001264       0x34 ./Core/Src/MVDR.o
 .debug_macro   0x00001298      0x189 ./Core/Src/MVDR.o
 .debug_macro   0x00001421       0x16 ./Core/Src/MVDR.o
 .debug_macro   0x00001437       0x43 ./Core/Src/MVDR.o
 .debug_macro   0x0000147a       0x34 ./Core/Src/MVDR.o
 .debug_macro   0x000014ae       0x10 ./Core/Src/MVDR.o
 .debug_macro   0x000014be       0x58 ./Core/Src/MVDR.o
 .debug_macro   0x00001516       0x8e ./Core/Src/MVDR.o
 .debug_macro   0x000015a4       0x1c ./Core/Src/MVDR.o
 .debug_macro   0x000015c0      0x177 ./Core/Src/MVDR.o
 .debug_macro   0x00001737      0x369 ./Core/Src/MVDR.o
 .debug_macro   0x00001aa0       0x10 ./Core/Src/MVDR.o
 .debug_macro   0x00001ab0       0x35 ./Core/Src/MVDR.o
 .debug_macro   0x00001ae5       0x20 ./Core/Src/MVDR.o
 .debug_macro   0x00001b05      0x19b ./Core/Src/MVDR.o
 .debug_macro   0x00001ca0      0x201 ./Core/Src/MVDR.o
 .debug_macro   0x00001ea1       0xc8 ./Core/Src/MVDR.o
 .debug_macro   0x00001f69      0x2fa ./Core/Src/main.o
 .debug_macro   0x00002263      0x22c ./Core/Src/main.o
 .debug_macro   0x0000248f       0x2e ./Core/Src/main.o
 .debug_macro   0x000024bd       0x3b ./Core/Src/main.o
 .debug_macro   0x000024f8       0x1c ./Core/Src/main.o
 .debug_macro   0x00002514       0x22 ./Core/Src/main.o
 .debug_macro   0x00002536     0x1305 ./Core/Src/main.o
 .debug_macro   0x0000383b      0x11f ./Core/Src/main.o
 .debug_macro   0x0000395a       0x27 ./Core/Src/main.o
 .debug_macro   0x00003981    0x211d1 ./Core/Src/main.o
 .debug_macro   0x00024b52       0x6d ./Core/Src/main.o
 .debug_macro   0x00024bbf     0x3d48 ./Core/Src/main.o
 .debug_macro   0x00028907       0x5d ./Core/Src/main.o
 .debug_macro   0x00028964     0x2462 ./Core/Src/main.o
 .debug_macro   0x0002adc6     0x1079 ./Core/Src/main.o
 .debug_macro   0x0002be3f      0x154 ./Core/Src/main.o
 .debug_macro   0x0002bf93      0x114 ./Core/Src/main.o
 .debug_macro   0x0002c0a7      0x3f8 ./Core/Src/main.o
 .debug_macro   0x0002c49f       0xac ./Core/Src/main.o
 .debug_macro   0x0002c54b      0x788 ./Core/Src/main.o
 .debug_macro   0x0002ccd3      0x228 ./Core/Src/main.o
 .debug_macro   0x0002cefb       0x66 ./Core/Src/main.o
 .debug_macro   0x0002cf61      0x3a6 ./Core/Src/main.o
 .debug_macro   0x0002d307      0x3f9 ./Core/Src/main.o
 .debug_macro   0x0002d700      0x275 ./Core/Src/main.o
 .debug_macro   0x0002d975      0x3ca ./Core/Src/main.o
 .debug_macro   0x0002dd3f      0x45c ./Core/Src/main.o
 .debug_macro   0x0002e19b       0x3c ./Core/Src/main.o
 .debug_macro   0x0002e1d7       0x4a ./Core/Src/main.o
 .debug_macro   0x0002e221      0x22c ./Core/Src/main.o
 .debug_macro   0x0002e44d       0x67 ./Core/Src/main.o
 .debug_macro   0x0002e4b4       0xa5 ./Core/Src/main.o
 .debug_macro   0x0002e559      0x1c4 ./Core/Src/main.o
 .debug_macro   0x0002e71d      0x22a ./Core/Src/main.o
 .debug_macro   0x0002e947       0x35 ./Core/Src/main.o
 .debug_macro   0x0002e97c      0x5e6 ./Core/Src/main.o
 .debug_macro   0x0002ef62       0x16 ./Core/Src/main.o
 .debug_macro   0x0002ef78      0x28a ./Core/Src/stm32h7xx_hal_msp.o
 .debug_macro   0x0002f202      0x294 ./Core/Src/stm32h7xx_it.o
 .debug_macro   0x0002f496      0x280 ./Core/Src/system_stm32h7xx.o
 .debug_macro   0x0002f716      0x2aa ./Drivers/STM32H7xx_HAL_Driver/Src/stm32h7xx_hal.o
 .debug_macro   0x0002f9c0      0x280 ./Drivers/STM32H7xx_HAL_Driver/Src/stm32h7xx_hal_cortex.o
 .debug_macro   0x0002fc40      0x2b9 ./Drivers/STM32H7xx_HAL_Driver/Src/stm32h7xx_hal_pwr_ex.o
 .debug_macro   0x0002fef9      0x2a4 ./Drivers/STM32H7xx_HAL_Driver/Src/stm32h7xx_hal_rcc.o

.debug_line     0x00000000     0x8145
 .debug_line    0x00000000      0x9ab ./Core/Src/MVDR.o
 .debug_line    0x000009ab      0xa16 ./Core/Src/main.o
 .debug_line    0x000013c1      0x87f ./Core/Src/stm32h7xx_hal_msp.o
 .debug_line    0x00001c40      0x943 ./Core/Src/stm32h7xx_it.o
 .debug_line    0x00002583      0xa31 ./Core/Src/system_stm32h7xx.o
 .debug_line    0x00002fb4       0x7a ./Core/Startup/startup_stm32h723vgtx.o
 .debug_line    0x0000302e      0xec2 ./Drivers/STM32H7xx_HAL_Driver/Src/stm32h7xx_hal.o
 .debug_line    0x00003ef0      0xe36 ./Drivers/STM32H7xx_HAL_Driver/Src/stm32h7xx_hal_cortex.o
 .debug_line    0x00004d26      0xea3 ./Drivers/STM32H7xx_HAL_Driver/Src/stm32h7xx_hal_pwr_ex.o
 .debug_line    0x00005bc9     0x1358 ./Drivers/STM32H7xx_HAL_Driver/Src/stm32h7xx_hal_rcc.o
 .debug_line    0x00006f21      0x32a ../Drivers/CMSIS/DSP/Lib/GCC\libarm_cortexM7lfdp_math.a(arm_mat_trans_f32.o)
 .debug_line    0x0000724b      0x3ac ../Drivers/CMSIS/DSP/Lib/GCC\libarm_cortexM7lfdp_math.a(arm_mat_mult_f32.o)
 .debug_line    0x000075f7      0x4eb ../Drivers/CMSIS/DSP/Lib/GCC\libarm_cortexM7lfdp_math.a(arm_mat_inverse_f32.o)
 .debug_line    0x00007ae2      0x259 ../Drivers/CMSIS/DSP/Lib/GCC\libarm_cortexM7lfdp_math.a(arm_mat_init_f32.o)
 .debug_line    0x00007d3b      0x40a ../Drivers/CMSIS/DSP/Lib/GCC\libarm_cortexM7lfdp_math.a(arm_cmplx_mult_cmplx_f32.o)

.debug_str      0x00000000   0x1376b4
 .debug_str     0x00000000     0x8dbc ./Core/Src/MVDR.o
                               0x9097 (size before relaxing)
 .debug_str     0x00008dbc   0x12c1bc ./Core/Src/main.o
                             0x135398 (size before relaxing)
 .debug_str     0x00134f78       0x2c ./Core/Src/stm32h7xx_hal_msp.o
                             0x1341eb (size before relaxing)
 .debug_str     0x00134fa4       0xc9 ./Core/Src/stm32h7xx_it.o
                             0x13404a (size before relaxing)
 .debug_str     0x0013506d      0x2ae ./Core/Src/system_stm32h7xx.o
                             0x13448c (size before relaxing)
 .debug_str     0x0013531b       0x44 ./Core/Startup/startup_stm32h723vgtx.o
                                 0x6f (size before relaxing)
 .debug_str     0x0013535f     0x1118 ./Drivers/STM32H7xx_HAL_Driver/Src/stm32h7xx_hal.o
                             0x135516 (size before relaxing)
 .debug_str     0x00136477      0x2a8 ./Drivers/STM32H7xx_HAL_Driver/Src/stm32h7xx_hal_cortex.o
                             0x134df8 (size before relaxing)
 .debug_str     0x0013671f      0x5e7 ./Drivers/STM32H7xx_HAL_Driver/Src/stm32h7xx_hal_pwr_ex.o
                             0x1348df (size before relaxing)
 .debug_str     0x00136d06      0x29f ./Drivers/STM32H7xx_HAL_Driver/Src/stm32h7xx_hal_rcc.o
                             0x13485a (size before relaxing)
 .debug_str     0x00136fa5      0x56e ../Drivers/CMSIS/DSP/Lib/GCC\libarm_cortexM7lfdp_math.a(arm_mat_trans_f32.o)
                                0x755 (size before relaxing)
 .debug_str     0x00137513       0x72 ../Drivers/CMSIS/DSP/Lib/GCC\libarm_cortexM7lfdp_math.a(arm_mat_mult_f32.o)
                                0x784 (size before relaxing)
 .debug_str     0x00137585       0xa7 ../Drivers/CMSIS/DSP/Lib/GCC\libarm_cortexM7lfdp_math.a(arm_mat_inverse_f32.o)
                                0x7c8 (size before relaxing)
 .debug_str     0x0013762c       0x39 ../Drivers/CMSIS/DSP/Lib/GCC\libarm_cortexM7lfdp_math.a(arm_mat_init_f32.o)
                                0x693 (size before relaxing)
 .debug_str     0x00137665       0x4f ../Drivers/CMSIS/DSP/Lib/GCC\libarm_cortexM7lfdp_math.a(arm_cmplx_mult_cmplx_f32.o)
                                0x68e (size before relaxing)

.comment        0x00000000       0xb8
 .comment       0x00000000       0x43 ./Core/Src/MVDR.o
                                 0x44 (size before relaxing)
 .comment       0x00000043       0x44 ./Core/Src/main.o
 .comment       0x00000043       0x44 ./Core/Src/stm32h7xx_hal_msp.o
 .comment       0x00000043       0x44 ./Core/Src/stm32h7xx_it.o
 .comment       0x00000043       0x44 ./Core/Src/system_stm32h7xx.o
 .comment       0x00000043       0x44 ./Drivers/STM32H7xx_HAL_Driver/Src/stm32h7xx_hal.o
 .comment       0x00000043       0x44 ./Drivers/STM32H7xx_HAL_Driver/Src/stm32h7xx_hal_cortex.o
 .comment       0x00000043       0x44 ./Drivers/STM32H7xx_HAL_Driver/Src/stm32h7xx_hal_pwr_ex.o
 .comment       0x00000043       0x44 ./Drivers/STM32H7xx_HAL_Driver/Src/stm32h7xx_hal_rcc.o
 .comment       0x00000043       0x75 ../Drivers/CMSIS/DSP/Lib/GCC\libarm_cortexM7lfdp_math.a(arm_mat_trans_f32.o)
                                 0x76 (size before relaxing)
 .comment       0x000000b8       0x76 ../Drivers/CMSIS/DSP/Lib/GCC\libarm_cortexM7lfdp_math.a(arm_mat_mult_f32.o)
 .comment       0x000000b8       0x76 ../Drivers/CMSIS/DSP/Lib/GCC\libarm_cortexM7lfdp_math.a(arm_mat_inverse_f32.o)
 .comment       0x000000b8       0x76 ../Drivers/CMSIS/DSP/Lib/GCC\libarm_cortexM7lfdp_math.a(arm_mat_init_f32.o)
 .comment       0x000000b8       0x76 ../Drivers/CMSIS/DSP/Lib/GCC\libarm_cortexM7lfdp_math.a(arm_cmplx_mult_cmplx_f32.o)

.debug_frame    0x00000000     0x186c
 .debug_frame   0x00000000       0x44 ./Core/Src/MVDR.o
 .debug_frame   0x00000044       0xc4 ./Core/Src/main.o
 .debug_frame   0x00000108       0x38 ./Core/Src/stm32h7xx_hal_msp.o
 .debug_frame   0x00000140      0x104 ./Core/Src/stm32h7xx_it.o
 .debug_frame   0x00000244       0x58 ./Core/Src/system_stm32h7xx.o
 .debug_frame   0x0000029c      0x760 ./Drivers/STM32H7xx_HAL_Driver/Src/stm32h7xx_hal.o
 .debug_frame   0x000009fc      0x4b8 ./Drivers/STM32H7xx_HAL_Driver/Src/stm32h7xx_hal_cortex.o
 .debug_frame   0x00000eb4      0x540 ./Drivers/STM32H7xx_HAL_Driver/Src/stm32h7xx_hal_pwr_ex.o
 .debug_frame   0x000013f4      0x1fc ./Drivers/STM32H7xx_HAL_Driver/Src/stm32h7xx_hal_rcc.o
 .debug_frame   0x000015f0       0x40 ../Drivers/CMSIS/DSP/Lib/GCC\libarm_cortexM7lfdp_math.a(arm_mat_trans_f32.o)
 .debug_frame   0x00001630       0x44 ../Drivers/CMSIS/DSP/Lib/GCC\libarm_cortexM7lfdp_math.a(arm_mat_mult_f32.o)
 .debug_frame   0x00001674       0x4c ../Drivers/CMSIS/DSP/Lib/GCC\libarm_cortexM7lfdp_math.a(arm_mat_inverse_f32.o)
 .debug_frame   0x000016c0       0x20 ../Drivers/CMSIS/DSP/Lib/GCC\libarm_cortexM7lfdp_math.a(arm_mat_init_f32.o)
 .debug_frame   0x000016e0       0x34 ../Drivers/CMSIS/DSP/Lib/GCC\libarm_cortexM7lfdp_math.a(arm_cmplx_mult_cmplx_f32.o)
 .debug_frame   0x00001714       0x20 C:/ST/STM32CubeIDE_1.14.1/STM32CubeIDE/plugins/com.st.stm32cube.ide.mcu.externaltools.gnu-tools-for-stm32.12.3.rel1.win32_1.0.100.202403111256/tools/bin/../lib/gcc/arm-none-eabi/12.3.1/../../../../arm-none-eabi/lib/thumb/v7e-m+dp/hard\libc_nano.a(libc_a-memset.o)
 .debug_frame   0x00001734       0x2c C:/ST/STM32CubeIDE_1.14.1/STM32CubeIDE/plugins/com.st.stm32cube.ide.mcu.externaltools.gnu-tools-for-stm32.12.3.rel1.win32_1.0.100.202403111256/tools/bin/../lib/gcc/arm-none-eabi/12.3.1/../../../../arm-none-eabi/lib/thumb/v7e-m+dp/hard\libc_nano.a(libc_a-init.o)
 .debug_frame   0x00001760       0xac C:/ST/STM32CubeIDE_1.14.1/STM32CubeIDE/plugins/com.st.stm32cube.ide.mcu.externaltools.gnu-tools-for-stm32.12.3.rel1.win32_1.0.100.202403111256/tools/bin/../lib/gcc/arm-none-eabi/12.3.1/thumb/v7e-m+dp/hard\libgcc.a(_arm_addsubdf3.o)
 .debug_frame   0x0000180c       0x2c C:/ST/STM32CubeIDE_1.14.1/STM32CubeIDE/plugins/com.st.stm32cube.ide.mcu.externaltools.gnu-tools-for-stm32.12.3.rel1.win32_1.0.100.202403111256/tools/bin/../lib/gcc/arm-none-eabi/12.3.1/thumb/v7e-m+dp/hard\libgcc.a(_aeabi_uldivmod.o)
 .debug_frame   0x00001838       0x34 C:/ST/STM32CubeIDE_1.14.1/STM32CubeIDE/plugins/com.st.stm32cube.ide.mcu.externaltools.gnu-tools-for-stm32.12.3.rel1.win32_1.0.100.202403111256/tools/bin/../lib/gcc/arm-none-eabi/12.3.1/thumb/v7e-m+dp/hard\libgcc.a(_udivmoddi4.o)

.debug_line_str
                0x00000000       0x53
 .debug_line_str
                0x00000000       0x53 ./Core/Startup/startup_stm32h723vgtx.o

.debug_loc      0x00000000     0x162c
 .debug_loc     0x00000000      0x2d6 ../Drivers/CMSIS/DSP/Lib/GCC\libarm_cortexM7lfdp_math.a(arm_mat_trans_f32.o)
 .debug_loc     0x000002d6      0x5ae ../Drivers/CMSIS/DSP/Lib/GCC\libarm_cortexM7lfdp_math.a(arm_mat_mult_f32.o)
 .debug_loc     0x00000884      0x81e ../Drivers/CMSIS/DSP/Lib/GCC\libarm_cortexM7lfdp_math.a(arm_mat_inverse_f32.o)
 .debug_loc     0x000010a2      0x58a ../Drivers/CMSIS/DSP/Lib/GCC\libarm_cortexM7lfdp_math.a(arm_cmplx_mult_cmplx_f32.o)

.debug_ranges   0x00000000       0x50
 .debug_ranges  0x00000000       0x10 ../Drivers/CMSIS/DSP/Lib/GCC\libarm_cortexM7lfdp_math.a(arm_mat_trans_f32.o)
 .debug_ranges  0x00000010       0x10 ../Drivers/CMSIS/DSP/Lib/GCC\libarm_cortexM7lfdp_math.a(arm_mat_mult_f32.o)
 .debug_ranges  0x00000020       0x10 ../Drivers/CMSIS/DSP/Lib/GCC\libarm_cortexM7lfdp_math.a(arm_mat_inverse_f32.o)
 .debug_ranges  0x00000030       0x10 ../Drivers/CMSIS/DSP/Lib/GCC\libarm_cortexM7lfdp_math.a(arm_mat_init_f32.o)
 .debug_ranges  0x00000040       0x10 ../Drivers/CMSIS/DSP/Lib/GCC\libarm_cortexM7lfdp_math.a(arm_cmplx_mult_cmplx_f32.o)
